开始测试多头注意力机制...
测试成功! 输出形状: torch.Size([2, 1])
输出值: tensor([[0.4824],
        [0.5038]])
